
> curaduria@1.20.95 start
> vite


  VITE v6.4.1  ready in 154 ms

  ➜  Local:   http://localhost:3000/
  ➜  Network: use --host to expose
4:21:51 PM [vite] (client) hmr update /src/app/pages/user/fun_forms/components/fun_pdf.js, /src/index.css
4:25:11 PM [vite] (client) hmr update /src/app/pages/user/fun_forms/components/fun_pdf.js, /src/index.css
4:25:11 PM [vite] Internal server error: Transform failed with 1 error:
/home/diego/dovela/frontend/src/app/pages/user/fun_forms/components/fun_pdf.js:2144:8: ERROR: Expected ")" but found "let"
  Plugin: jsx-in-js
  File: /home/diego/dovela/frontend/src/app/pages/user/fun_forms/components/fun_pdf.js:2144:8
  
  Expected ")" but found "let"
  2142|      }
  2143|  
  2144|          let _GET_CLOCK = () => {
     |          ^
  2145|              var _CHILD = currentItem.fun_clocks;
  2146|              var _LIST = [];
  
      at failureErrorWithLog (/home/diego/dovela/frontend/node_modules/esbuild/lib/main.js:1467:15)
      at /home/diego/dovela/frontend/node_modules/esbuild/lib/main.js:736:50
      at responseCallbacks.<computed> (/home/diego/dovela/frontend/node_modules/esbuild/lib/main.js:603:9)
      at handleIncomingPacket (/home/diego/dovela/frontend/node_modules/esbuild/lib/main.js:658:12)
      at Socket.readFromStdout (/home/diego/dovela/frontend/node_modules/esbuild/lib/main.js:581:7)
      at Socket.emit (node:events:508:28)
      at addChunk (node:internal/streams/readable:563:12)
      at readableAddChunkPushByteMode (node:internal/streams/readable:514:3)
      at Readable.push (node:internal/streams/readable:394:5)
      at Pipe.onStreamRead (node:internal/stream_base_commons:189:23)
4:25:11 PM [vite] Internal server error: Transform failed with 1 error:
/home/diego/dovela/frontend/src/app/pages/user/fun_forms/components/fun_pdf.js:2144:8: ERROR: Expected ")" but found "let"
  Plugin: jsx-in-js
  File: /home/diego/dovela/frontend/src/app/pages/user/fun_forms/components/fun_pdf.js:2144:8
  
  Expected ")" but found "let"
  2142|      }
  2143|  
  2144|          let _GET_CLOCK = () => {
     |          ^
  2145|              var _CHILD = currentItem.fun_clocks;
  2146|              var _LIST = [];
  
      at failureErrorWithLog (/home/diego/dovela/frontend/node_modules/esbuild/lib/main.js:1467:15)
      at /home/diego/dovela/frontend/node_modules/esbuild/lib/main.js:736:50
      at responseCallbacks.<computed> (/home/diego/dovela/frontend/node_modules/esbuild/lib/main.js:603:9)
      at handleIncomingPacket (/home/diego/dovela/frontend/node_modules/esbuild/lib/main.js:658:12)
      at Socket.readFromStdout (/home/diego/dovela/frontend/node_modules/esbuild/lib/main.js:581:7)
      at Socket.emit (node:events:508:28)
      at addChunk (node:internal/streams/readable:563:12)
      at readableAddChunkPushByteMode (node:internal/streams/readable:514:3)
      at Readable.push (node:internal/streams/readable:394:5)
      at Pipe.onStreamRead (node:internal/stream_base_commons:189:23)
4:25:24 PM [vite] (client) hmr update /src/app/pages/user/fun_forms/components/fun_pdf.js, /src/index.css
4:25:33 PM [vite] (client) hmr update /src/app/pages/user/fun_forms/components/fun_pdf.js, /src/index.css
4:27:08 PM [vite] (client) hmr update /src/app/pages/user/fun_forms/components/docs_list.component.js, /src/index.css
4:27:17 PM [vite] (client) hmr update /src/app/pages/user/fun_forms/components/fun_docs.js, /src/index.css
4:28:58 PM [vite] (client) hmr update /src/app/pages/user/fun_forms/components/docs_list.component.js, /src/index.css
4:28:58 PM [vite] (client) hmr update /src/app/pages/user/fun_forms/components/fun_docs.js, /src/index.css
4:29:58 PM [vite] (client) hmr update /src/app/pages/user/records/eng/record_eng_sismic.component.js, /src/index.css
4:30:02 PM [vite] (client) hmr update /src/app/pages/user/records/eng/record_eng_sismic.component.js, /src/index.css
4:30:16 PM [vite] (client) hmr update /src/app/pages/user/records/law/record_law_fun_52.component.js, /src/index.css
4:30:25 PM [vite] (client) hmr update /src/app/pages/user/records/arc/record_arc_37.js, /src/index.css
4:30:29 PM [vite] (client) hmr update /src/app/pages/user/records/arc/record_arc_37.js, /src/index.css
4:30:43 PM [vite] (client) hmr update /src/app/pages/user/records/arc/record_arc_areas_2.component.js, /src/index.css
4:30:52 PM [vite] (client) hmr update /src/app/pages/user/records/arc/record_arc_areas_2.component.js, /src/index.css
4:31:03 PM [vite] (client) hmr update /src/app/pages/user/records/arc/record_arc_areas.component.js, /src/index.css
4:31:07 PM [vite] (client) hmr update /src/app/pages/user/records/arc/record_arc_areas.component.js, /src/index.css
4:31:14 PM [vite] (client) hmr update /src/app/pages/user/records/arc/record_arc_34.js, /src/index.css
4:31:23 PM [vite] (client) hmr update /src/app/pages/user/records/arc/record_arc_33.js, /src/index.css
4:31:29 PM [vite] (client) hmr update /src/app/pages/user/records/arc/record_arc_areas_resumen.component.js, /src/index.css
4:31:33 PM [vite] (client) hmr update /src/app/pages/user/records/arc/record_arc_areas_resumen.component.js, /src/index.css
4:31:40 PM [vite] (client) hmr update /src/app/pages/user/records/arc/record_arc_areas_2.component.js, /src/index.css
4:31:40 PM [vite] (client) hmr update /src/app/pages/user/records/arc/record_arc_areas.component.js, /src/index.css
4:31:40 PM [vite] (client) hmr update /src/app/pages/user/records/arc/record_arc_34.js, /src/index.css
4:31:40 PM [vite] (client) hmr update /src/app/pages/user/records/arc/record_arc_areas_resumen.component.js, /src/index.css
4:33:23 PM [vite] (client) hmr update /src/app/pages/user/records/arc/record_arc_areas_2.component.js, /src/index.css
4:33:23 PM [vite] (client) hmr update /src/app/pages/user/records/arc/record_arc_areas.component.js, /src/index.css
4:33:26 PM [vite] (client) hmr update /src/app/pages/user/fun_forms/components/fun_worker_asign.component.js, /src/index.css
4:33:30 PM [vite] (client) hmr update /src/app/pages/user/fun_forms/components/fun_worker_asign.component.js, /src/index.css
4:33:34 PM [vite] (client) page reload src/app/pages/user/fun_forms/components/fun_clock_control.js
4:33:38 PM [vite] (client) hmr update /src/app/pages/user/fun_forms/components/charts_components.js/chart_time.component.js, /src/index.css
4:33:41 PM [vite] (client) hmr update /src/app/pages/user/fun_forms/components/charts_components.js/chart_time.component.js, /src/index.css
4:33:45 PM [vite] (client) hmr update /src/app/pages/user/fun_forms/components/charts_components.js/chart_time.component.js, /src/index.css
4:34:34 PM [vite] (client) hmr update /src/app/components/TagInput.js, /src/index.css
4:34:34 PM [vite] Internal server error: Transform failed with 1 error:
/home/diego/dovela/frontend/src/app/components/TagInput.js:64:1: ERROR: Unexpected ")"
  Plugin: jsx-in-js
  File: /home/diego/dovela/frontend/src/app/components/TagInput.js:64:1
  
  Unexpected ")"
  62 |          </div>
  63 |      );
  64 |  });
     |   ^
  65 |  
  66 |  export default TagInput;
  
      at failureErrorWithLog (/home/diego/dovela/frontend/node_modules/esbuild/lib/main.js:1467:15)
      at /home/diego/dovela/frontend/node_modules/esbuild/lib/main.js:736:50
      at responseCallbacks.<computed> (/home/diego/dovela/frontend/node_modules/esbuild/lib/main.js:603:9)
      at handleIncomingPacket (/home/diego/dovela/frontend/node_modules/esbuild/lib/main.js:658:12)
      at Socket.readFromStdout (/home/diego/dovela/frontend/node_modules/esbuild/lib/main.js:581:7)
      at Socket.emit (node:events:508:28)
      at addChunk (node:internal/streams/readable:563:12)
      at readableAddChunkPushByteMode (node:internal/streams/readable:514:3)
      at Readable.push (node:internal/streams/readable:394:5)
      at Pipe.onStreamRead (node:internal/stream_base_commons:189:23)
4:34:34 PM [vite] Internal server error: Transform failed with 1 error:
/home/diego/dovela/frontend/src/app/components/TagInput.js:64:1: ERROR: Unexpected ")"
  Plugin: jsx-in-js
  File: /home/diego/dovela/frontend/src/app/components/TagInput.js:64:1
  
  Unexpected ")"
  62 |          </div>
  63 |      );
  64 |  });
     |   ^
  65 |  
  66 |  export default TagInput;
  
      at failureErrorWithLog (/home/diego/dovela/frontend/node_modules/esbuild/lib/main.js:1467:15)
      at /home/diego/dovela/frontend/node_modules/esbuild/lib/main.js:736:50
      at responseCallbacks.<computed> (/home/diego/dovela/frontend/node_modules/esbuild/lib/main.js:603:9)
      at handleIncomingPacket (/home/diego/dovela/frontend/node_modules/esbuild/lib/main.js:658:12)
      at Socket.readFromStdout (/home/diego/dovela/frontend/node_modules/esbuild/lib/main.js:581:7)
      at Socket.emit (node:events:508:28)
      at addChunk (node:internal/streams/readable:563:12)
      at readableAddChunkPushByteMode (node:internal/streams/readable:514:3)
      at Readable.push (node:internal/streams/readable:394:5)
      at Pipe.onStreamRead (node:internal/stream_base_commons:189:23)
4:34:37 PM [vite] (client) hmr update /src/app/components/TagInput.js, /src/index.css
2:16:31 PM [vite] .env changed, restarting server...
2:16:32 PM [vite] server restarted.
2:16:36 PM [vite] .env changed, restarting server...
2:16:43 PM [vite] server restarted.
2:43:50 PM [vite] .env changed, restarting server...
2:43:50 PM [vite] server restarted.
4:40:29 PM [vite] (client) hmr update /src/app/pages/user/seal.js, /src/index.css
4:40:32 PM [vite] (client) hmr update /src/app/pages/user/pqrs/pqrs_manage.view.js, /src/index.css
4:40:50 PM [vite] (client) hmr update /src/app/pages/user/pqrs/components/pqrs_reviewAction.component.js, /src/index.css
4:40:51 PM [vite] (client) hmr update /src/app/pages/user/pqrs/components/pqrs_reviewAction.component.js, /src/index.css
4:40:55 PM [vite] (client) hmr update /src/app/pages/user/fun_forms/fun_reports/fun_gen.report.js, /src/index.css
4:40:56 PM [vite] (client) hmr update /src/app/pages/user/archive/archive.page.js, /src/index.css
4:40:56 PM [vite] (client) hmr update /src/app/pages/user/records/record_law.js, /src/index.css
4:40:59 PM [vite] (client) hmr update /src/app/pages/user/pqrs/newpqrs.js, /src/index.css
4:41:00 PM [vite] (client) hmr update /src/app/pages/user/records/record_law.js, /src/index.css
4:41:00 PM [vite] Internal server error: Transform failed with 1 error:
/home/diego/dovela/frontend/src/app/pages/user/records/record_law.js:54:5: ERROR: Expected ")" but found ";"
  Plugin: jsx-in-js
  File: /home/diego/dovela/frontend/src/app/pages/user/records/record_law.js:54:5
  
  Expected ")" but found ";"
  52 |                  console.log(e);
  53 |              });
  54 |      };
     |       ^
  55 |  
  56 |      const retrieveItem = (id) => {
  
      at failureErrorWithLog (/home/diego/dovela/frontend/node_modules/esbuild/lib/main.js:1467:15)
      at /home/diego/dovela/frontend/node_modules/esbuild/lib/main.js:736:50
      at responseCallbacks.<computed> (/home/diego/dovela/frontend/node_modules/esbuild/lib/main.js:603:9)
      at handleIncomingPacket (/home/diego/dovela/frontend/node_modules/esbuild/lib/main.js:658:12)
      at Socket.readFromStdout (/home/diego/dovela/frontend/node_modules/esbuild/lib/main.js:581:7)
      at Socket.emit (node:events:508:28)
      at addChunk (node:internal/streams/readable:563:12)
      at readableAddChunkPushByteMode (node:internal/streams/readable:514:3)
      at Readable.push (node:internal/streams/readable:394:5)
      at Pipe.onStreamRead (node:internal/stream_base_commons:189:23)
4:41:04 PM [vite] (client) hmr update /src/app/pages/user/records/record_law.js, /src/index.css
4:41:04 PM [vite] Internal server error: Transform failed with 1 error:
/home/diego/dovela/frontend/src/app/pages/user/records/record_law.js:71:5: ERROR: Expected ")" but found ";"
  Plugin: jsx-in-js
  File: /home/diego/dovela/frontend/src/app/pages/user/records/record_law.js:71:5
  
  Expected ")" but found ";"
  69 |                  });
  70 |              });
  71 |      };
     |       ^
  72 |  
  73 |      const setItem_RecordArc = () => {
  
      at failureErrorWithLog (/home/diego/dovela/frontend/node_modules/esbuild/lib/main.js:1467:15)
      at /home/diego/dovela/frontend/node_modules/esbuild/lib/main.js:736:50
      at responseCallbacks.<computed> (/home/diego/dovela/frontend/node_modules/esbuild/lib/main.js:603:9)
      at handleIncomingPacket (/home/diego/dovela/frontend/node_modules/esbuild/lib/main.js:658:12)
      at Socket.readFromStdout (/home/diego/dovela/frontend/node_modules/esbuild/lib/main.js:581:7)
      at Socket.emit (node:events:508:28)
      at addChunk (node:internal/streams/readable:563:12)
      at readableAddChunkPushByteMode (node:internal/streams/readable:514:3)
      at Readable.push (node:internal/streams/readable:394:5)
      at Pipe.onStreamRead (node:internal/stream_base_commons:189:23)
4:41:08 PM [vite] (client) hmr update /src/app/pages/user/pqrs/pqrsadmin.js, /src/index.css
4:41:09 PM [vite] (client) hmr update /src/app/pages/user/records/record_law.js, /src/index.css
4:41:09 PM [vite] Internal server error: Transform failed with 1 error:
/home/diego/dovela/frontend/src/app/pages/user/records/record_law.js:95:5: ERROR: Expected ")" but found ";"
  Plugin: jsx-in-js
  File: /home/diego/dovela/frontend/src/app/pages/user/records/record_law.js:95:5
  
  Expected ")" but found ";"
  93 |                  });
  94 |              });
  95 |      };
     |       ^
  96 |  
  97 |      const requestUpdateRecord = (id) => {
  
      at failureErrorWithLog (/home/diego/dovela/frontend/node_modules/esbuild/lib/main.js:1467:15)
      at /home/diego/dovela/frontend/node_modules/esbuild/lib/main.js:736:50
      at responseCallbacks.<computed> (/home/diego/dovela/frontend/node_modules/esbuild/lib/main.js:603:9)
      at handleIncomingPacket (/home/diego/dovela/frontend/node_modules/esbuild/lib/main.js:658:12)
      at Socket.readFromStdout (/home/diego/dovela/frontend/node_modules/esbuild/lib/main.js:581:7)
      at Socket.emit (node:events:508:28)
      at addChunk (node:internal/streams/readable:563:12)
      at readableAddChunkPushByteMode (node:internal/streams/readable:514:3)
      at Readable.push (node:internal/streams/readable:394:5)
      at Pipe.onStreamRead (node:internal/stream_base_commons:189:23)
4:41:10 PM [vite] (client) hmr update /src/app/pages/user/pqrs/pqrsadmin.js, /src/index.css
4:41:13 PM [vite] (client) hmr update /src/app/pages/user/records/record_law.js, /src/index.css
4:41:15 PM [vite] (client) hmr update /src/app/pages/user/records/record_law.js, /src/index.css
4:41:15 PM [vite] (client) page reload src/app/pages/user/pqrs/pqrsadmin.functional.js
4:41:17 PM [vite] (client) page reload src/app/pages/user/pqrs/pqrsadmin.functional.js
4:41:22 PM [vite] (client) hmr update /src/app/pages/user/records/record_arc.js, /src/index.css
4:41:26 PM [vite] (client) hmr update /src/app/pages/user/records/record_eng.js, /src/index.css
4:41:34 PM [vite] (client) hmr update /src/app/pages/user/records/record_eng.js, /src/index.css
4:41:34 PM [vite] Internal server error: Transform failed with 1 error:
/home/diego/dovela/frontend/src/app/pages/user/records/record_eng.js:89:5: ERROR: Expected ")" but found ";"
  Plugin: jsx-in-js
  File: /home/diego/dovela/frontend/src/app/pages/user/records/record_eng.js:89:5
  
  Expected ")" but found ";"
  87 |                  console.log(e);
  88 |              });
  89 |      };
     |       ^
  90 |  
  91 |      const setItem_RecordArc = () => {
  
      at failureErrorWithLog (/home/diego/dovela/frontend/node_modules/esbuild/lib/main.js:1467:15)
      at /home/diego/dovela/frontend/node_modules/esbuild/lib/main.js:736:50
      at responseCallbacks.<computed> (/home/diego/dovela/frontend/node_modules/esbuild/lib/main.js:603:9)
      at handleIncomingPacket (/home/diego/dovela/frontend/node_modules/esbuild/lib/main.js:658:12)
      at Socket.readFromStdout (/home/diego/dovela/frontend/node_modules/esbuild/lib/main.js:581:7)
      at Socket.emit (node:events:508:28)
      at addChunk (node:internal/streams/readable:563:12)
      at readableAddChunkPushByteMode (node:internal/streams/readable:514:3)
      at Readable.push (node:internal/streams/readable:394:5)
      at Pipe.onStreamRead (node:internal/stream_base_commons:189:23)
4:41:38 PM [vite] (client) hmr update /src/app/pages/user/records/record_eng.js, /src/index.css
4:41:38 PM [vite] Internal server error: Transform failed with 1 error:
/home/diego/dovela/frontend/src/app/pages/user/records/record_eng.js:113:5: ERROR: Expected ")" but found ";"
  Plugin: jsx-in-js
  File: /home/diego/dovela/frontend/src/app/pages/user/records/record_eng.js:113:5
  
  Expected ")" but found ";"
  111|                  });
  112|              });
  113|      };
     |       ^
  114|  
  115|      const requestUpdateRecord = (id) => {
  
      at failureErrorWithLog (/home/diego/dovela/frontend/node_modules/esbuild/lib/main.js:1467:15)
      at /home/diego/dovela/frontend/node_modules/esbuild/lib/main.js:736:50
      at responseCallbacks.<computed> (/home/diego/dovela/frontend/node_modules/esbuild/lib/main.js:603:9)
      at handleIncomingPacket (/home/diego/dovela/frontend/node_modules/esbuild/lib/main.js:658:12)
      at Socket.readFromStdout (/home/diego/dovela/frontend/node_modules/esbuild/lib/main.js:581:7)
      at Socket.emit (node:events:508:28)
      at addChunk (node:internal/streams/readable:563:12)
      at readableAddChunkPushByteMode (node:internal/streams/readable:514:3)
      at Readable.push (node:internal/streams/readable:394:5)
      at Pipe.onStreamRead (node:internal/stream_base_commons:189:23)
4:41:42 PM [vite] (client) hmr update /src/app/pages/user/records/record_eng.js, /src/index.css
4:41:44 PM [vite] (client) hmr update /src/app/pages/user/records/record_eng.js, /src/index.css
4:41:48 PM [vite] (client) hmr update /src/app/pages/user/records/record_ph.js, /src/index.css
4:41:53 PM [vite] (client) hmr update /src/app/pages/user/records/record_ph.js, /src/index.css
4:41:53 PM [vite] Internal server error: Transform failed with 1 error:
/home/diego/dovela/frontend/src/app/pages/user/records/record_ph.js:57:5: ERROR: Expected ")" but found ";"
  Plugin: jsx-in-js
  File: /home/diego/dovela/frontend/src/app/pages/user/records/record_ph.js:57:5
  
  Expected ")" but found ";"
  55 |                  });
  56 |              });
  57 |      };
     |       ^
  58 |  
  59 |      const requestUpdateRecord = (id) => {
  
      at failureErrorWithLog (/home/diego/dovela/frontend/node_modules/esbuild/lib/main.js:1467:15)
      at /home/diego/dovela/frontend/node_modules/esbuild/lib/main.js:736:50
      at responseCallbacks.<computed> (/home/diego/dovela/frontend/node_modules/esbuild/lib/main.js:603:9)
      at handleIncomingPacket (/home/diego/dovela/frontend/node_modules/esbuild/lib/main.js:658:12)
      at Socket.readFromStdout (/home/diego/dovela/frontend/node_modules/esbuild/lib/main.js:581:7)
      at Socket.emit (node:events:508:28)
      at addChunk (node:internal/streams/readable:563:12)
      at readableAddChunkPushByteMode (node:internal/streams/readable:514:3)
      at Readable.push (node:internal/streams/readable:394:5)
      at Pipe.onStreamRead (node:internal/stream_base_commons:189:23)
4:41:57 PM [vite] (client) hmr update /src/app/pages/user/records/record_ph.js, /src/index.css
4:42:00 PM [vite] (client) hmr update /src/app/pages/user/records/record_ph.js, /src/index.css
4:42:00 PM [vite] Internal server error: Transform failed with 1 error:
/home/diego/dovela/frontend/src/app/pages/user/records/record_ph.js:94:5: ERROR: Expected ")" but found ";"
  Plugin: jsx-in-js
  File: /home/diego/dovela/frontend/src/app/pages/user/records/record_ph.js:94:5
  
  Expected ")" but found ";"
  92 |                  });
  93 |              });
  94 |      };
     |       ^
  95 |  
  96 |      const navigation_version = (STEP) => {
  
      at failureErrorWithLog (/home/diego/dovela/frontend/node_modules/esbuild/lib/main.js:1467:15)
      at /home/diego/dovela/frontend/node_modules/esbuild/lib/main.js:736:50
      at responseCallbacks.<computed> (/home/diego/dovela/frontend/node_modules/esbuild/lib/main.js:603:9)
      at handleIncomingPacket (/home/diego/dovela/frontend/node_modules/esbuild/lib/main.js:658:12)
      at Socket.readFromStdout (/home/diego/dovela/frontend/node_modules/esbuild/lib/main.js:581:7)
      at Socket.emit (node:events:508:28)
      at addChunk (node:internal/streams/readable:563:12)
      at readableAddChunkPushByteMode (node:internal/streams/readable:514:3)
      at Readable.push (node:internal/streams/readable:394:5)
      at Pipe.onStreamRead (node:internal/stream_base_commons:189:23)
4:42:05 PM [vite] (client) hmr update /src/app/pages/user/records/record_ph.js, /src/index.css
4:42:09 PM [vite] (client) hmr update /src/app/pages/user/records/record_ph.js, /src/index.css
4:42:13 PM [vite] (client) hmr update /src/app/pages/user/norms/norm_resume.component.js, /src/index.css
4:49:51 PM [vite] (client) hmr update /src/app/App.js, /src/index.css
4:50:00 PM [vite] (client) hmr update /src/app/App.js, /src/index.css
4:50:08 PM [vite] (client) hmr update /src/app/pages/user/funmanage_new.page.js, /src/index.css
4:53:20 PM [vite] (client) hmr update /src/app/pages/user/fun_forms/components/FunExpedienteDetail.jsx, /src/index.css
4:53:34 PM [vite] (client) hmr update /src/app/pages/user/fun_forms/components/FunExpedienteDetail.jsx, /src/index.css
4:53:44 PM [vite] (client) hmr update /src/app/pages/user/fun_forms/components/FunExpedienteDetail.jsx, /src/index.css
4:54:08 PM [vite] (client) hmr update /src/app/App.js, /src/index.css
4:54:20 PM [vite] (client) hmr update /src/app/App.js, /src/index.css
4:54:24 PM [vite] (client) hmr update /src/app/App.js, /src/index.css
4:54:24 PM [vite] Internal server error: Transform failed with 9 errors:
/home/diego/dovela/frontend/src/app/App.js:417:24: ERROR: Unexpected closing "div" tag does not match opening "Suspense" tag
/home/diego/dovela/frontend/src/app/App.js:419:18: ERROR: Unexpected closing "main" tag does not match opening "div" tag
/home/diego/dovela/frontend/src/app/App.js:421:16: ERROR: Unexpected closing "div" tag does not match opening "main" tag
/home/diego/dovela/frontend/src/app/App.js:422:14: ERROR: Unexpected closing fragment tag does not match opening "div" tag
/home/diego/dovela/frontend/src/app/App.js:423:12: ERROR: Unexpected closing "ThemeProvider" tag does not match opening fragment tag
...
  Plugin: jsx-in-js
  File: /home/diego/dovela/frontend/src/app/App.js:417:24
  
  Unexpected closing "div" tag does not match opening "Suspense" tag
  415|                          </Routes>
  416|                          </RoutesWithBoundary>
  417|                        </div>
     |                          ^
  418|                      </div>
  419|                  </main>
  
  Unexpected closing "main" tag does not match opening "div" tag
  417|                        </div>
  418|                      </div>
  419|                  </main>
     |                    ^
  420|                  <Footer id="footer-app-main" translation={t("footer", { returnObjects: true })} />
  421|                </div>
  
  Unexpected closing "div" tag does not match opening "main" tag
  419|                  </main>
  420|                  <Footer id="footer-app-main" translation={t("footer", { returnObjects: true })} />
  421|                </div>
     |                  ^
  422|              </>
  423|            </ThemeProvider>
  
  Unexpected closing fragment tag does not match opening "div" tag
  420|                  <Footer id="footer-app-main" translation={t("footer", { returnObjects: true })} />
  421|                </div>
  422|              </>
     |                ^
  423|            </ThemeProvider>
  424|          </StyleSheetManager>
  
  Unexpected closing "ThemeProvider" tag does not match opening fragment tag
  421|                </div>
  422|              </>
  423|            </ThemeProvider>
     |              ^
  424|          </StyleSheetManager>
  425|        </Router>
  
  Unexpected closing "StyleSheetManager" tag does not match opening "ThemeProvider" tag
  422|              </>
  423|            </ThemeProvider>
  424|          </StyleSheetManager>
     |            ^
  425|        </Router>
  426|      </ProvideAuth>
  
  Unexpected closing "Router" tag does not match opening "StyleSheetManager" tag
  423|            </ThemeProvider>
  424|          </StyleSheetManager>
  425|        </Router>
     |          ^
  426|      </ProvideAuth>
  427|    );
  
  Unexpected closing "ProvideAuth" tag does not match opening "Router" tag
  424|          </StyleSheetManager>
  425|        </Router>
  426|      </ProvideAuth>
     |        ^
  427|    );
  428|  }
  
  Expected "}" but found ":"
  429|  
  430|  const fakeAuth = {
  431|    isAuthenticated: false,
     |                   ^
  432|    signin(cb) {
  433|      fakeAuth.isAuthenticated = true;
  
      at failureErrorWithLog (/home/diego/dovela/frontend/node_modules/esbuild/lib/main.js:1467:15)
      at /home/diego/dovela/frontend/node_modules/esbuild/lib/main.js:736:50
      at responseCallbacks.<computed> (/home/diego/dovela/frontend/node_modules/esbuild/lib/main.js:603:9)
      at handleIncomingPacket (/home/diego/dovela/frontend/node_modules/esbuild/lib/main.js:658:12)
      at Socket.readFromStdout (/home/diego/dovela/frontend/node_modules/esbuild/lib/main.js:581:7)
      at Socket.emit (node:events:508:28)
      at addChunk (node:internal/streams/readable:563:12)
      at readableAddChunkPushByteMode (node:internal/streams/readable:514:3)
      at Readable.push (node:internal/streams/readable:394:5)
      at Pipe.onStreamRead (node:internal/stream_base_commons:189:23)
4:54:28 PM [vite] (client) hmr update /src/app/App.js, /src/index.css
4:54:44 PM [vite] vite.config.mjs changed, restarting server...
4:54:45 PM [vite] server restarted.
4:55:48 PM [vite] vite.config.mjs changed, restarting server...
4:55:48 PM [vite] server restarted.
